Archive member included because of file (symbol)

C:/Users/otto-/AppData/Local/Rowley Associates Limited/CrossWorks for ARM/v3/packages/lib/liblpc2000_v4t_a_le_eabi.a(liblpc2000_lpc21xx_get_cclk.o)
                              Hausarbeit ARM Flash Debug/LPC210x.o (liblpc2000_lpc21xx_get_cclk)
C:/Users/otto-/AppData/Local/Rowley Associates Limited/CrossWorks for ARM/v3/packages/lib/liblpc2000_v4t_a_le_eabi.a(liblpc2000_lpc21xx_get_pclk.o)
                              Hausarbeit ARM Flash Debug/LPC210x.o (liblpc2000_lpc21xx_get_pclk)
C:/Program Files (x86)/Rowley Associates Limited/CrossWorks for ARM 3.6/lib/libm_v4t_a_le_eabi.a(libm_asm.o)
                              Hausarbeit ARM Flash Debug/calculations.o (__aeabi_i2d)
C:/Program Files (x86)/Rowley Associates Limited/CrossWorks for ARM 3.6/lib/libc_v4t_a_le_eabi.a(libc_asm.o)
                              Hausarbeit ARM Flash Debug/main.o (__aeabi_idiv)
C:/Program Files (x86)/Rowley Associates Limited/CrossWorks for ARM 3.6/lib/libc_v4t_a_le_eabi.a(libc2.o)
                              Hausarbeit ARM Flash Debug/main.o (itoa)
C:/Program Files (x86)/Rowley Associates Limited/CrossWorks for ARM 3.6/lib/libc_v4t_a_le_eabi.a(libc2_asm.o)
                              Hausarbeit ARM Flash Debug/main.o (memcpy)
C:/Program Files (x86)/Rowley Associates Limited/CrossWorks for ARM 3.6/lib/libm_v4t_a_le_eabi.a(libm2.o)
                              C:/Program Files (x86)/Rowley Associates Limited/CrossWorks for ARM 3.6/lib/libvfprintf_v4t_a_le_eabi.o (frexp)
C:/Program Files (x86)/Rowley Associates Limited/CrossWorks for ARM 3.6/lib/libm_v4t_a_le_eabi.a(libm2_asm.o)
                              C:/Program Files (x86)/Rowley Associates Limited/CrossWorks for ARM 3.6/lib/libm_v4t_a_le_eabi.a(libm2.o) (fabs)

Discarded input sections

 .group         0x00000000        0x8 Hausarbeit ARM Flash Debug/GPIO.o
 .group         0x00000000        0x8 Hausarbeit ARM Flash Debug/GPIO.o
 .group         0x00000000        0x8 Hausarbeit ARM Flash Debug/GPIO.o
 .group         0x00000000        0x8 Hausarbeit ARM Flash Debug/GPIO.o
 .group         0x00000000        0x8 Hausarbeit ARM Flash Debug/GPIO.o
 .group         0x00000000        0x8 Hausarbeit ARM Flash Debug/GPIO.o
 .group         0x00000000        0x8 Hausarbeit ARM Flash Debug/GPIO.o
 .group         0x00000000        0x8 Hausarbeit ARM Flash Debug/GPIO.o
 .text          0x00000000        0x0 Hausarbeit ARM Flash Debug/GPIO.o
 .data          0x00000000        0x0 Hausarbeit ARM Flash Debug/GPIO.o
 .bss           0x00000000        0x0 Hausarbeit ARM Flash Debug/GPIO.o
 .group         0x00000000        0x8 Hausarbeit ARM Flash Debug/main.o
 .group         0x00000000        0x8 Hausarbeit ARM Flash Debug/main.o
 .group         0x00000000        0x8 Hausarbeit ARM Flash Debug/main.o
 .group         0x00000000        0x8 Hausarbeit ARM Flash Debug/main.o
 .group         0x00000000        0x8 Hausarbeit ARM Flash Debug/main.o
 .group         0x00000000        0x8 Hausarbeit ARM Flash Debug/main.o
 .group         0x00000000        0x8 Hausarbeit ARM Flash Debug/main.o
 .group         0x00000000        0x8 Hausarbeit ARM Flash Debug/main.o
 .group         0x00000000        0x8 Hausarbeit ARM Flash Debug/main.o
 .group         0x00000000        0x8 Hausarbeit ARM Flash Debug/main.o
 .group         0x00000000        0x8 Hausarbeit ARM Flash Debug/main.o
 .group         0x00000000        0x8 Hausarbeit ARM Flash Debug/main.o
 .group         0x00000000        0x8 Hausarbeit ARM Flash Debug/main.o
 .text          0x00000000        0x0 Hausarbeit ARM Flash Debug/main.o
 .data          0x00000000        0x0 Hausarbeit ARM Flash Debug/main.o
 .bss           0x00000000        0x0 Hausarbeit ARM Flash Debug/main.o
 .data.F01      0x00000000       0x80 Hausarbeit ARM Flash Debug/main.o
 .data.F10      0x00000000       0x80 Hausarbeit ARM Flash Debug/main.o
 .data.F11      0x00000000       0x80 Hausarbeit ARM Flash Debug/main.o
 .debug_macro   0x00000000      0x856 Hausarbeit ARM Flash Debug/main.o
 .debug_macro   0x00000000       0x89 Hausarbeit ARM Flash Debug/main.o
 .debug_macro   0x00000000      0x188 Hausarbeit ARM Flash Debug/main.o
 .debug_macro   0x00000000      0x12a Hausarbeit ARM Flash Debug/main.o
 .debug_macro   0x00000000     0x42c6 Hausarbeit ARM Flash Debug/main.o
 .debug_macro   0x00000000       0x16 Hausarbeit ARM Flash Debug/main.o
 .debug_macro   0x00000000       0x2e Hausarbeit ARM Flash Debug/main.o
 .group         0x00000000        0x8 Hausarbeit ARM Flash Debug/UART.o
 .group         0x00000000        0x8 Hausarbeit ARM Flash Debug/UART.o
 .group         0x00000000        0x8 Hausarbeit ARM Flash Debug/UART.o
 .group         0x00000000        0x8 Hausarbeit ARM Flash Debug/UART.o
 .group         0x00000000        0x8 Hausarbeit ARM Flash Debug/UART.o
 .group         0x00000000        0x8 Hausarbeit ARM Flash Debug/UART.o
 .group         0x00000000        0x8 Hausarbeit ARM Flash Debug/UART.o
[...]
Memory Configuration

Name             Origin             Length             Attributes
UNPLACED_SECTIONS 0xffffffff         0x00000000         xw
AHB_Peripherals  0xffe00000         0x00200000         xw
VPB_Peripherals  0xe0000000         0x00200000         xw
SRAM             0x40000000         0x00004000         xw
FLASH            0x00000000         0x00040000         xr
*default*        0x00000000         0xffffffff

Linker script and memory map

                0x00004bc8                __vfprintf = __vfprintf_float_long_long
                0x00000000                __vfscanf = __vfscanf_float_long_long_cc
                0xffe00000                __AHB_Peripherals_segment_start__ = 0xffe00000
                0x00000000                __AHB_Peripherals_segment_end__ = 0x0
                0x00200000                __AHB_Peripherals_segment_size__ = 0x200000
                0xe0000000                __VPB_Peripherals_segment_start__ = 0xe0000000
                0xe0200000                __VPB_Peripherals_segment_end__ = 0xe0200000
                0x00200000                __VPB_Peripherals_segment_size__ = 0x200000
                0x40000000                __SRAM_segment_start__ = 0x40000000
                0x40004000                __SRAM_segment_end__ = 0x40004000
                0x00004000                __SRAM_segment_size__ = 0x4000
                0x00000000                __FLASH_segment_start__ = 0x0
                0x00040000                __FLASH_segment_end__ = 0x40000
                0x00040000                __FLASH_segment_size__ = 0x40000
                0x00000400                __HEAPSIZE__ = 0x400
                0x00000000                __STACKSIZE_ABT__ = 0x0
                0x00000100                __STACKSIZE_FIQ__ = 0x100
                0x00000100                __STACKSIZE_IRQ__ = 0x100
                0x00000000                __STACKSIZE_SVC__ = 0x0
                0x00000000                __STACKSIZE_UND__ = 0x0
                0x00000400                __STACKSIZE__ = 0x400
                0x40000000                __vectors_ram_load_start__ = __SRAM_segment_start__

.vectors_ram    0x40000000       0x3c
                0x40000000                __vectors_ram_start__ = .
 *(.vectors_ram .vectors_ram.*)
                0x4000003c                . = MAX ((__vectors_ram_start__ + 0x3c), .)
 *fill*         0x40000000       0x3c 
                0x4000003c                __vectors_ram_end__ = (__vectors_ram_start__ + SIZEOF (.vectors_ram))
                0x0000003c                __vectors_ram_size__ = SIZEOF (.vectors_ram)
                0x4000003c                __vectors_ram_load_end__ = __vectors_ram_end__
                0x00000001                . = ASSERT (((__vectors_ram_start__ == __vectors_ram_end__) || ((__vectors_ram_end__ >= __SRAM_segment_start__) && (__vectors_ram_end__ <= __SRAM_segment_end__))), error: .vectors_ram is too large to fit in SRAM memory segment)
                0x00000000                __vectors_load_start__ = __FLASH_segment_start__

.vectors        0x00000000       0x3c
                0x00000000                __vectors_start__ = .
 *(.vectors .vectors.*)
 .vectors       0x00000000       0x3c Hausarbeit ARM Flash Debug/Philips_LPC210X_Startup.o
                0x00000000                _vectors
                0x0000003c                __vectors_end__ = (__vectors_start__ + SIZEOF (.vectors))
                0x0000003c                __vectors_size__ = SIZEOF (.vectors)
                0x0000003c                __vectors_load_end__ = __vectors_end__
                0x00000001                . = ASSERT (((__vectors_start__ == __vectors_end__) || ((__vectors_end__ >= __FLASH_segment_start__) && (__vectors_end__ <= __FLASH_segment_end__))), error: .vectors is too large to fit in FLASH memory segment)
                0x0000003c                __init_load_start__ = ALIGN (__vectors_end__, 0x4)

.init           0x0000003c      0x2c4
                0x0000003c                __init_start__ = .
 *(.init .init.*)
 *fill*         0x0000003c        0x4 
 .init          0x00000040      0x234 Hausarbeit ARM Flash Debug/crt0.o
                0x00000040                _start
                0x00000040                __start
                0x00000190                exit
 .init          0x00000274       0x8c Hausarbeit ARM Flash Debug/Philips_LPC210X_Startup.o
                0x00000274                reset_handler
                0x000002e4                undef_handler
                0x000002e8                swi_handler
                0x000002ec                pabort_handler
                0x000002f0                dabort_handler
                0x000002f4                fiq_handler
                0x00000300                __init_end__ = (__init_start__ + SIZEOF (.init))
                0x000002c4                __init_size__ = SIZEOF (.init)
                0x00000300                __init_load_end__ = __init_end__
                0x00000001                . = ASSERT (((__init_start__ == __init_end__) || ((__init_end__ >= __FLASH_segment_start__) && (__init_end__ <= __FLASH_segment_end__))), error: .init is too large to fit in FLASH memory segment)
                0x00000300                __init_rodata_load_start__ = ALIGN (__init_end__, 0x4)

.init_rodata    0x00000300        0x0
                0x00000300                __init_rodata_start__ = .
 *(.init_rodata .init_rodata.*)
                0x00000300                __init_rodata_end__ = (__init_rodata_start__ + SIZEOF (.init_rodata))
                0x00000000                __init_rodata_size__ = SIZEOF (.init_rodata)
                0x00000300                __init_rodata_load_end__ = __init_rodata_end__
                0x00000001                . = ASSERT (((__init_rodata_start__ == __init_rodata_end__) || ((__init_rodata_end__ >= __FLASH_segment_start__) && (__init_rodata_end__ <= __FLASH_segment_end__))), error: .init_rodata is too large to fit in FLASH memory segment)
                0x00000300                __text_load_start__ = ALIGN (__init_rodata_end__, 0x4)

.text           0x00000300     0x6638
                0x00000300                __text_start__ = .
 *(.text .text.* .glue_7t .glue_7 .gnu.linkonce.t.* .gcc_except_table .ARM.extab* .gnu.linkonce.armextab.*)
 .glue_7        0x00000000        0x0 linker stubs
 .glue_7t       0x00000000        0x0 linker stubs
 .text.checkPin
                0x00000300      0x3c4 Hausarbeit ARM Flash Debug/GPIO.o
                0x00000300                checkPin
 .text.readDirection
                0x000006c4       0x90 Hausarbeit ARM Flash Debug/GPIO.o
                0x000006c4                readDirection
 .text.readState
                0x00000754       0x90 Hausarbeit ARM Flash Debug/GPIO.o
                0x00000754                readState
 .text.setIO    0x000007e4      0x280 Hausarbeit ARM Flash Debug/GPIO.o
                0x000007e4                setIO
 .text.main     0x00000a64      0x34c Hausarbeit ARM Flash Debug/main.o
                0x00000a64                main
 .text.question
                0x00000db0       0x5c Hausarbeit ARM Flash Debug/main.o
                0x00000db0                question
 .text.setPin   0x00000e0c       0xfc Hausarbeit ARM Flash Debug/main.o
                0x00000e0c                setPin
 .text.readPin  0x00000f08       0x68 Hausarbeit ARM Flash Debug/main.o
                0x00000f08                readPin
 .text.setPWM   0x00000f70      0x14c Hausarbeit ARM Flash Debug/main.o
                0x00000f70                setPWM
 .text.measureFreq
                0x000010bc       0xf0 Hausarbeit ARM Flash Debug/main.o
                0x000010bc                measureFreq
 .text.measureAngVelo
                0x000011ac      0x180 Hausarbeit ARM Flash Debug/main.o
                0x000011ac                measureAngVelo
 .text.measureVelo
                0x0000132c      0x204 Hausarbeit ARM Flash Debug/main.o
                0x0000132c                measureVelo
 .text.measureDC
                0x00001530       0xf4 Hausarbeit ARM Flash Debug/main.o
                0x00001530                measureDC
 .text.measureAC
                0x00001624       0xfc Hausarbeit ARM Flash Debug/main.o
                0x00001624                measureAC
 .text.init_UART
                0x00001720      0x36c Hausarbeit ARM Flash Debug/UART.o
                0x00001720                init_UART
 .text.sendCharacter
                0x00001a8c       0x5c Hausarbeit ARM Flash Debug/UART.o
                0x00001a8c                sendCharacter
 .text.sendMessage
                0x00001ae8       0x74 Hausarbeit ARM Flash Debug/UART.o
                0x00001ae8                sendMessage
 .text.readCharacter
                0x00001b5c       0x50 Hausarbeit ARM Flash Debug/UART.o
                0x00001b5c                readCharacter
 .text.readMessage
                0x00001bac       0x98 Hausarbeit ARM Flash Debug/UART.o
                0x00001bac                readMessage
 .text.start_Timer
                0x00001c44       0xfc Hausarbeit ARM Flash Debug/TIMER.o
                0x00001c44                start_Timer
 .text.measureFrequenz
                0x00001d40      0x130 Hausarbeit ARM Flash Debug/calculations.o
                0x00001d40                measureFrequenz
 .text.calcAngVelocity
                0x00001e70       0xd8 Hausarbeit ARM Flash Debug/calculations.o
                0x00001e70                calcAngVelocity
 .text.calcVelocity
                0x00001f48       0x70 Hausarbeit ARM Flash Debug/calculations.o
                0x00001f48                calcVelocity
 .text.start_PWM
                0x00001fb8      0x2e8 Hausarbeit ARM Flash Debug/PWM.o
                0x00001fb8                start_PWM
 .text.init_ADC
                0x000022a0      0x1d8 Hausarbeit ARM Flash Debug/ADC.o
                0x000022a0                init_ADC
 .text.measureDCVoltage
                0x00002478      0x14c Hausarbeit ARM Flash Debug/ADC.o
                0x00002478                measureDCVoltage
 *fill*         0x000025c4        0x4 
 .text.measureACVoltage
                0x000025c8      0x28c Hausarbeit ARM Flash Debug/ADC.o
                0x000025c8                measureACVoltage
 .text.__aeabi_read_tp
                0x00002854        0xc Hausarbeit ARM Flash Debug/crt0.o
                0x00002854                __aeabi_read_tp
 .text          0x00002860       0x44 Hausarbeit ARM Flash Debug/VIC_irq_handler.o
                0x00002860                irq_handler
 *fill*         0x000028a4        0xc 
 .text.libc.__int32_to_float32
                0x000028b0       0x64 C:/Program Files (x86)/Rowley Associates Limited/CrossWorks for ARM 3.6/lib/libm_v4t_a_le_eabi.a(libm_asm.o)
                0x000028b0                __int32_to_float32
                0x000028b0                __floatsisf
                0x000028b0                __aeabi_i2f
                0x000028c4                __int32_to_float32_common
 *fill*         0x00002914        0xc 
 .text.libc.__int32_to_float64
                0x00002920       0x6c C:/Program Files (x86)/Rowley Associates Limited/CrossWorks for ARM 3.6/lib/libm_v4t_a_le_eabi.a(libm_asm.o)
                0x00002920                __aeabi_i2d
                0x00002920                __int32_to_float64
                0x00002920                __floatsidf
 *fill*         0x0000298c        0x4 
 .text.libc.__uint32_to_float32
                0x00002990       0x10 C:/Program Files (x86)/Rowley Associates Limited/CrossWorks for ARM 3.6/lib/libm_v4t_a_le_eabi.a(libm_asm.o)
                0x00002990                __aeabi_ui2f
                0x00002990                __floatunsisf
                0x00002990                __uint32_to_float32
 .text.libc.__int64_to_float64
                0x000029a0       0xc0 C:/Program Files (x86)/Rowley Associates Limited/CrossWorks for ARM 3.6/lib/libm_v4t_a_le_eabi.a(libm_asm.o)
                0x000029a0                __int64_to_float64
                0x000029a0                __aeabi_l2d
                0x000029a0                __floatdidf
                0x000029c4                __RAL_aeabi_l2d_common
 .text.libc.__uint64_to_float64
                0x00002a60       0x14 C:/Program Files (x86)/Rowley Associates Limited/CrossWorks for ARM 3.6/lib/libm_v4t_a_le_eabi.a(libm_asm.o)
                0x00002a60                __aeabi_ul2d
                0x00002a60                __floatundidf
                0x00002a60                __uint64_to_float64
 *fill*         0x00002a74        0xc 
 .text.libc.__float64_to_uint64
                0x00002a80       0x70 C:/Program Files (x86)/Rowley Associates Limited/CrossWorks for ARM 3.6/lib/libm_v4t_a_le_eabi.a(libm_asm.o)
                0x00002a80                __fixunsdfdi
                0x00002a80                __float64_to_uint64
                0x00002a80                __aeabi_d2ulz
 .text.libc.__float32_to_float64
                0x00002af0       0x38 C:/Program Files (x86)/Rowley Associates Limited/CrossWorks for ARM 3.6/lib/libm_v4t_a_le_eabi.a(libm_asm.o)
                0x00002af0                __float32_to_float64
                0x00002af0                __aeabi_f2d
                0x00002af0                __extendsfdf2
 *fill*         0x00002b28        0x8 
 .text.libc.__float64_to_float32
                0x00002b30       0x7c C:/Program Files (x86)/Rowley Associates Limited/CrossWorks for ARM 3.6/lib/libm_v4t_a_le_eabi.a(libm_asm.o)
                0x00002b30                __truncdfsf2
                0x00002b30                __float64_to_float32
                0x00002b30                __aeabi_d2f
 *fill*         0x00002bac        0x4 
 .text.libc.__float32_add
                0x00002bb0      0x194 C:/Program Files (x86)/Rowley Associates Limited/CrossWorks for ARM 3.6/lib/libm_v4t_a_le_eabi.a(libm_asm.o)
                0x00002bb0                __aeabi_frsub
                0x00002bb8                __subsf3
                0x00002bb8                __aeabi_fsub
                0x00002bb8                __float32_sub
                0x00002bbc                __addsf3
                0x00002bbc                __float32_add
                0x00002bbc                __aeabi_fadd
 *fill*         0x00002d44        0xc 
 .text.libc.__float32_mul
                0x00002d50       0xfc C:/Program Files (x86)/Rowley Associates Limited/CrossWorks for ARM 3.6/lib/libm_v4t_a_le_eabi.a(libm_asm.o)
                0x00002d50                __mulsf3
                0x00002d50                __aeabi_fmul
                0x00002d50                __float32_mul
 *fill*         0x00002e4c        0x4 
 .text.libc.__float32_div
                0x00002e50      0x20c C:/Program Files (x86)/Rowley Associates Limited/CrossWorks for ARM 3.6/lib/libm_v4t_a_le_eabi.a(libm_asm.o)
                0x00002e50                __aeabi_fdiv
                0x00002e50                __float32_div
                0x00002e50                __divsf3
 *fill*         0x0000305c        0x4 
 .text.libc.__aeabi_fcmplt
                0x00003060       0x4c C:/Program Files (x86)/Rowley Associates Limited/CrossWorks for ARM 3.6/lib/libm_v4t_a_le_eabi.a(libm_asm.o)
                0x00003060                __aeabi_fcmplt
 *fill*         0x000030ac        0x4 
 .text.libc.__float64_add
                0x000030b0      0x344 C:/Program Files (x86)/Rowley Associates Limited/CrossWorks for ARM 3.6/lib/libm_v4t_a_le_eabi.a(libm_asm.o)
                0x000030b0                __aeabi_drsub
                0x000030b8                __aeabi_dsub
                0x000030b8                __float64_sub
                0x000030b8                __subdf3
                0x000030bc                __aeabi_dadd
                0x000030bc                __float64_add
                0x000030bc                __adddf3
 *fill*         0x000033f4        0xc 
 .text.libc.__float64_mul
                0x00003400      0x1ac C:/Program Files (x86)/Rowley Associates Limited/CrossWorks for ARM 3.6/lib/libm_v4t_a_le_eabi.a(libm_asm.o)
                0x00003400                __float64_mul
                0x00003400                __muldf3
                0x00003400                __aeabi_dmul
 *fill*         0x000035ac        0x4 
 .text.libc.__float64_div
                0x000035b0      0x324 C:/Program Files (x86)/Rowley Associates Limited/CrossWorks for ARM 3.6/lib/libm_v4t_a_le_eabi.a(libm_asm.o)
                0x000035b0                __divdf3
                0x000035b0                __float64_div
                0x000035b0                __aeabi_ddiv
 *fill*         0x000038d4        0xc 
 .text.libc.__float64_cmpeq
                0x000038e0       0x40 C:/Program Files (x86)/Rowley Associates Limited/CrossWorks for ARM 3.6/lib/libm_v4t_a_le_eabi.a(libm_asm.o)
                0x000038e0                __aeabi_dcmpeq
 .text.libc.__float64_cmple
                0x00003920       0x54 C:/Program Files (x86)/Rowley Associates Limited/CrossWorks for ARM 3.6/lib/libm_v4t_a_le_eabi.a(libm_asm.o)
                0x00003920                __aeabi_dcmple
 *fill*         0x00003974        0xc 
 .text.libc.__float64_cmpge
                0x00003980       0x54 C:/Program Files (x86)/Rowley Associates Limited/CrossWorks for ARM 3.6/lib/libm_v4t_a_le_eabi.a(libm_asm.o)
                0x00003980                __aeabi_dcmpge
 *fill*         0x000039d4        0xc 
 .text.libc.__float64_cmplt
                0x000039e0       0x54 C:/Program Files (x86)/Rowley Associates Limited/CrossWorks for ARM 3.6/lib/libm_v4t_a_le_eabi.a(libm_asm.o)
                0x000039e0                __aeabi_dcmplt
 *fill*         0x00003a34        0xc 
 .text.libc.__float64_cmpgt
                0x00003a40       0x54 C:/Program Files (x86)/Rowley Associates Limited/CrossWorks for ARM 3.6/lib/libm_v4t_a_le_eabi.a(libm_asm.o)
                0x00003a40                __aeabi_dcmpgt
 *fill*         0x00003a94        0xc 
 .text.libc.__float64_signbit
                0x00003aa0        0x8 C:/Program Files (x86)/Rowley Associates Limited/CrossWorks for ARM 3.6/lib/libm_v4t_a_le_eabi.a(libm_asm.o)
                0x00003aa0                __float64_signbit
 *fill*         0x00003aa8        0x8 
 .text.libc.__float64_isinf
                0x00003ab0       0x18 C:/Program Files (x86)/Rowley Associates Limited/CrossWorks for ARM 3.6/lib/libm_v4t_a_le_eabi.a(libm_asm.o)
                0x00003ab0                __float64_isinf
 *fill*         0x00003ac8        0x8 
 .text.libc.__float64_isnan
                0x00003ad0       0x18 C:/Program Files (x86)/Rowley Associates Limited/CrossWorks for ARM 3.6/lib/libm_v4t_a_le_eabi.a(libm_asm.o)
                0x00003ad0                __float64_isnan
 *fill*         0x00003ae8        0x8 
 .text.libc.__int64_udivmod
                0x00003af0       0x8c C:/Program Files (x86)/Rowley Associates Limited/CrossWorks for ARM 3.6/lib/libc_v4t_a_le_eabi.a(libc_asm.o)
                0x00003af0                __aeabi_uldivmod
                0x00003af0                __int64_udiv
                0x00003af0                __udivdi3
                0x00003af0                __int64_udivmod
 *fill*         0x00003b7c        0x4 
 .text.libc.__int32_div
                0x00003b80      0x464 C:/Program Files (x86)/Rowley Associates Limited/CrossWorks for ARM 3.6/lib/libc_v4t_a_le_eabi.a(libc_asm.o)
                0x00003b80                __int32_div
                0x00003b80                __aeabi_idiv
                0x00003b80                __divsi3
                0x00003e80                __aeabi_uidiv
                0x00003e80                __uint32_div
                0x00003e80                __udivsi3
 *fill*         0x00003fe4        0xc 
 .text.libc.__aeabi_uidivmod
                0x00003ff0       0x54 C:/Program Files (x86)/Rowley Associates Limited/CrossWorks for ARM 3.6/lib/libc_v4t_a_le_eabi.a(libc_asm.o)
                0x00003ff0                __aeabi_uidivmod
                0x00003ff0                __int32_udivmod
 .text.libc.__RAL_ascii_isctype
                0x00004044       0x28 C:/Program Files (x86)/Rowley Associates Limited/CrossWorks for ARM 3.6/lib/libc_v4t_a_le_eabi.a(libc2.o)
 .text.libc.__RAL_ascii_toupper
                0x0000406c       0x10 C:/Program Files (x86)/Rowley Associates Limited/CrossWorks for ARM 3.6/lib/libc_v4t_a_le_eabi.a(libc2.o)
 .text.libc.__RAL_ascii_tolower
                0x0000407c       0x10 C:/Program Files (x86)/Rowley Associates Limited/CrossWorks for ARM 3.6/lib/libc_v4t_a_le_eabi.a(libc2.o)
 .text.libc.__RAL_ascii_iswctype
                0x0000408c       0x28 C:/Program Files (x86)/Rowley Associates Limited/CrossWorks for ARM 3.6/lib/libc_v4t_a_le_eabi.a(libc2.o)
 .text.libc.__RAL_ascii_towupper
                0x000040b4       0x10 C:/Program Files (x86)/Rowley Associates Limited/CrossWorks for ARM 3.6/lib/libc_v4t_a_le_eabi.a(libc2.o)
 .text.libc.__RAL_ascii_towlower
                0x000040c4       0x10 C:/Program Files (x86)/Rowley Associates Limited/CrossWorks for ARM 3.6/lib/libc_v4t_a_le_eabi.a(libc2.o)
 .text.libc.__RAL_ascii_wctomb
                0x000040d4       0x14 C:/Program Files (x86)/Rowley Associates Limited/CrossWorks for ARM 3.6/lib/libc_v4t_a_le_eabi.a(libc2.o)
                0x000040d4                __RAL_ascii_wctomb
 .text.libc.__RAL_ascii_mbtowc
                0x000040e8       0x44 C:/Program Files (x86)/Rowley Associates Limited/CrossWorks for ARM 3.6/lib/libc_v4t_a_le_eabi.a(libc2.o)
                0x000040e8                __RAL_ascii_mbtowc
 .text.libc.__RAL_pow10
                0x0000412c       0xb4 C:/Program Files (x86)/Rowley Associates Limited/CrossWorks for ARM 3.6/lib/libc_v4t_a_le_eabi.a(libc2.o)
                0x0000412c                __RAL_pow10
 .text.libc.__putc
                0x000041e0       0x70 C:/Program Files (x86)/Rowley Associates Limited/CrossWorks for ARM 3.6/lib/libc_v4t_a_le_eabi.a(libc2.o)
                0x000041e0                __putc
 .text.libc.__RAL_print_padding
                0x00004250       0x34 C:/Program Files (x86)/Rowley Associates Limited/CrossWorks for ARM 3.6/lib/libc_v4t_a_le_eabi.a(libc2.o)
                0x00004250                __RAL_print_padding
 .text.libc.__RAL_pre_padding
                0x00004284       0x28 C:/Program Files (x86)/Rowley Associates Limited/CrossWorks for ARM 3.6/lib/libc_v4t_a_le_eabi.a(libc2.o)
                0x00004284                __RAL_pre_padding
 .text.libc.__xtoa
                0x000042ac       0x9c C:/Program Files (x86)/Rowley Associates Limited/CrossWorks for ARM 3.6/lib/libc_v4t_a_le_eabi.a(libc2.o)
                0x000042ac                __xtoa
 .text.libc.abs
                0x00004348        0xc C:/Program Files (x86)/Rowley Associates Limited/CrossWorks for ARM 3.6/lib/libc_v4t_a_le_eabi.a(libc2.o)
                0x00004348                abs
 .text.libc.__RAL_isctype
                0x00004354       0x28 C:/Program Files (x86)/Rowley Associates Limited/CrossWorks for ARM 3.6/lib/libc_v4t_a_le_eabi.a(libc2.o)
                0x00004354                __RAL_isctype
 .text.libc.isupper
                0x0000437c       0x14 C:/Program Files (x86)/Rowley Associates Limited/CrossWorks for ARM 3.6/lib/libc_v4t_a_le_eabi.a(libc2.o)
                0x0000437c                isupper
 .text.libc.islower
                0x00004390       0x14 C:/Program Files (x86)/Rowley Associates Limited/CrossWorks for ARM 3.6/lib/libc_v4t_a_le_eabi.a(libc2.o)
                0x00004390                islower
 .text.libc.isdigit
                0x000043a4       0x14 C:/Program Files (x86)/Rowley Associates Limited/CrossWorks for ARM 3.6/lib/libc_v4t_a_le_eabi.a(libc2.o)
                0x000043a4                isdigit
 .text.libc.__digit
                0x000043b8       0x54 C:/Program Files (x86)/Rowley Associates Limited/CrossWorks for ARM 3.6/lib/libc_v4t_a_le_eabi.a(libc2.o)
                0x000043b8                __digit
 .text.libc.isspace
                0x0000440c       0x14 C:/Program Files (x86)/Rowley Associates Limited/CrossWorks for ARM 3.6/lib/libc_v4t_a_le_eabi.a(libc2.o)
                0x0000440c                isspace
 .text.libc.__strtoul
                0x00004420      0x154 C:/Program Files (x86)/Rowley Associates Limited/CrossWorks for ARM 3.6/lib/libc_v4t_a_le_eabi.a(libc2.o)
                0x00004420                __strtoul
 .text.libc.__aeabi_errno_addr
                0x00004574       0x1c C:/Program Files (x86)/Rowley Associates Limited/CrossWorks for ARM 3.6/lib/libc_v4t_a_le_eabi.a(libc2.o)
                0x00004574                __aeabi_errno_addr
 .text.libc.itoa
                0x00004590       0x2c C:/Program Files (x86)/Rowley Associates Limited/CrossWorks for ARM 3.6/lib/libc_v4t_a_le_eabi.a(libc2.o)
                0x00004590                itoa
 .text.libc.sprintf
                0x000045bc       0x44 C:/Program Files (x86)/Rowley Associates Limited/CrossWorks for ARM 3.6/lib/libc_v4t_a_le_eabi.a(libc2.o)
                0x000045bc                sprintf
 .text.libc.strcat
                0x00004600       0x3c C:/Program Files (x86)/Rowley Associates Limited/CrossWorks for ARM 3.6/lib/libc_v4t_a_le_eabi.a(libc2.o)
                0x00004600                strcat
 .text.libc.strnlen
                0x0000463c       0x4c C:/Program Files (x86)/Rowley Associates Limited/CrossWorks for ARM 3.6/lib/libc_v4t_a_le_eabi.a(libc2.o)
                0x0000463c                strnlen
 .text.libc.strtol
                0x00004688      0x130 C:/Program Files (x86)/Rowley Associates Limited/CrossWorks for ARM 3.6/lib/libc_v4t_a_le_eabi.a(libc2.o)
                0x00004688                strtol
 .text.libc.atoi
                0x000047b8       0x38 C:/Program Files (x86)/Rowley Associates Limited/CrossWorks for ARM 3.6/lib/libc_v4t_a_le_eabi.a(libc2.o)
                0x000047b8                atoi
 .text.libc.atof
                0x000047f0      0x1e4 C:/Program Files (x86)/Rowley Associates Limited/CrossWorks for ARM 3.6/lib/libc_v4t_a_le_eabi.a(libc2.o)
                0x000047f0                atof
 *fill*         0x000049d4        0xc 
 .text.libc.memcpy
                0x000049e0       0x54 C:/Program Files (x86)/Rowley Associates Limited/CrossWorks for ARM 3.6/lib/libc_v4t_a_le_eabi.a(libc2_asm.o)
                0x000049e0                __aeabi_memcpy
                0x000049e0                __aeabi_memcpy4
                0x000049e0                __aeabi_memcpy8
                0x000049e0                memcpy
 *fill*         0x00004a34        0xc 
 .text.libc.memset
                0x00004a40       0x94 C:/Program Files (x86)/Rowley Associates Limited/CrossWorks for ARM 3.6/lib/libc_v4t_a_le_eabi.a(libc2_asm.o)
                0x00004a40                memset
 *fill*         0x00004ad4        0xc 
 .text.libc.strcpy
                0x00004ae0       0x60 C:/Program Files (x86)/Rowley Associates Limited/CrossWorks for ARM 3.6/lib/libc_v4t_a_le_eabi.a(libc2_asm.o)
                0x00004ae0                strcpy
 .text.libc.strlen
                0x00004b40       0x88 C:/Program Files (x86)/Rowley Associates Limited/CrossWorks for ARM 3.6/lib/libc_v4t_a_le_eabi.a(libc2_asm.o)
                0x00004b40                strlen
 .text.libc.__vfprintf_float_long_long
                0x00004bc8     0x18c4 C:/Program Files (x86)/Rowley Associates Limited/CrossWorks for ARM 3.6/lib/libvfprintf_v4t_a_le_eabi.o
                0x00004bc8                __vfprintf_float_long_long
 .text.libc.frexp
                0x0000648c       0x6c C:/Program Files (x86)/Rowley Associates Limited/CrossWorks for ARM 3.6/lib/libm_v4t_a_le_eabi.a(libm2.o)
                0x0000648c                frexp
 .text.libc.ldexp
                0x000064f8       0x98 C:/Program Files (x86)/Rowley Associates Limited/CrossWorks for ARM 3.6/lib/libm_v4t_a_le_eabi.a(libm2.o)
                0x000064f8                ldexp
 .text.libc.floor
                0x00006590       0xcc C:/Program Files (x86)/Rowley Associates Limited/CrossWorks for ARM 3.6/lib/libm_v4t_a_le_eabi.a(libm2.o)
                0x00006590                floor
 .text.libc.fmod
                0x0000665c      0x2c8 C:/Program Files (x86)/Rowley Associates Limited/CrossWorks for ARM 3.6/lib/libm_v4t_a_le_eabi.a(libm2.o)
                0x0000665c                fmod
 *fill*         0x00006924        0xc 
 .text.libc.fabs
                0x00006930        0x8 C:/Program Files (x86)/Rowley Associates Limited/CrossWorks for ARM 3.6/lib/libm_v4t_a_le_eabi.a(libm2_asm.o)
                0x00006930                fabs
                0x00006938                __text_end__ = (__text_start__ + SIZEOF (.text))
                0x00006638                __text_size__ = SIZEOF (.text)
                0x00006938                __text_load_end__ = __text_end__

.vfp11_veneer   0x00000000        0x0
 .vfp11_veneer  0x00000000        0x0 linker stubs

.v4_bx          0x00000000        0x0
 .v4_bx         0x00000000        0x0 linker stubs

.iplt           0x00000000        0x0
 .iplt          0x00000000        0x0 Hausarbeit ARM Flash Debug/GPIO.o
                0x00000001                . = ASSERT (((__text_start__ == __text_end__) || ((__text_end__ >= __FLASH_segment_start__) && (__text_end__ <= __FLASH_segment_end__))), error: .text is too large to fit in FLASH memory segment)
                0x00006938                __dtors_load_start__ = ALIGN (__text_end__, 0x4)

.dtors          0x00006938        0x0
                0x00006938                __dtors_start__ = .
 *(SORT(.dtors.*))
 *(.dtors)
 *(.fini_array)
 *(SORT(.fini_array.*))
                0x00006938                __dtors_end__ = (__dtors_start__ + SIZEOF (.dtors))
                0x00000000                __dtors_size__ = SIZEOF (.dtors)
                0x00006938                __dtors_load_end__ = __dtors_end__
                0x00000001                . = ASSERT (((__dtors_start__ == __dtors_end__) || ((__dtors_end__ >= __FLASH_segment_start__) && (__dtors_end__ <= __FLASH_segment_end__))), error: .dtors is too large to fit in FLASH memory segment)
                0x00006938                __ctors_load_start__ = ALIGN (__dtors_end__, 0x4)

.ctors          0x00006938        0x0
                0x00006938                __ctors_start__ = .
 *(SORT(.ctors.*))
 *(.ctors)
 *(.init_array)
 *(SORT(.init_array.*))
                0x00006938                __ctors_end__ = (__ctors_start__ + SIZEOF (.ctors))
                0x00000000                __ctors_size__ = SIZEOF (.ctors)
                0x00006938                __ctors_load_end__ = __ctors_end__
                0x00000001                . = ASSERT (((__ctors_start__ == __ctors_end__) || ((__ctors_end__ >= __FLASH_segment_start__) && (__ctors_end__ <= __FLASH_segment_end__))), error: .ctors is too large to fit in FLASH memory segment)
                0x00006938                __rodata_load_start__ = ALIGN (__ctors_end__, 0x4)

.rodata         0x00006938     0x13f0
                0x00006938                __rodata_start__ = .
 *(.rodata .rodata.* .gnu.linkonce.r.*)
 .rodata        0x00006938      0x4a5 Hausarbeit ARM Flash Debug/GPIO.o
 *fill*         0x00006ddd        0x3 
 .rodata        0x00006de0      0x765 Hausarbeit ARM Flash Debug/main.o
 *fill*         0x00007545        0x3 
 .rodata        0x00007548       0x15 Hausarbeit ARM Flash Debug/PWM.o
 *fill*         0x0000755d        0x3 
 .rodata        0x00007560      0x321 Hausarbeit ARM Flash Debug/ADC.o
 *fill*         0x00007881        0x3 
 .rodata.libc.__float64_nan
                0x00007884        0x8 C:/Program Files (x86)/Rowley Associates Limited/CrossWorks for ARM 3.6/lib/libm_v4t_a_le_eabi.a(libm_asm.o)
                0x00007884                __float64_nan
 .rodata.libc.__aeabi_uidiv
                0x0000788c       0x40 C:/Program Files (x86)/Rowley Associates Limited/CrossWorks for ARM 3.6/lib/libc_v4t_a_le_eabi.a(libc_asm.o)
                0x0000788c                __RAL_uidiv_inverse_lut
 .rodata.libc.__RAL_c_locale_abbrev_month_names
                0x000078cc       0x31 C:/Program Files (x86)/Rowley Associates Limited/CrossWorks for ARM 3.6/lib/libc_v4t_a_le_eabi.a(libc2.o)
                0x000078cc                __RAL_c_locale_abbrev_month_names
 *fill*         0x000078fd        0x3 
 .rodata.libc.__RAL_data_utf8_period
                0x00007900        0x2 C:/Program Files (x86)/Rowley Associates Limited/CrossWorks for ARM 3.6/lib/libc_v4t_a_le_eabi.a(libc2.o)
                0x00007900                __RAL_data_utf8_period
 *fill*         0x00007902        0x6 
 .rodata.libc.power
                0x00007908       0x48 C:/Program Files (x86)/Rowley Associates Limited/CrossWorks for ARM 3.6/lib/libc_v4t_a_le_eabi.a(libc2.o)
 .rodata.libc.__RAL_hex_uc
                0x00007950       0x10 C:/Program Files (x86)/Rowley Associates Limited/CrossWorks for ARM 3.6/lib/libc_v4t_a_le_eabi.a(libc2.o)
                0x00007950                __RAL_hex_uc
 .rodata.libc.str1.4
                0x00007960       0xe3 C:/Program Files (x86)/Rowley Associates Limited/CrossWorks for ARM 3.6/lib/libc_v4t_a_le_eabi.a(libc2.o)
                                 0xf1 (size before relaxing)
 *fill*         0x00007a43        0x1 
 .rodata.libc.__RAL_data_empty_string
                0x00007a44        0x1 C:/Program Files (x86)/Rowley Associates Limited/CrossWorks for ARM 3.6/lib/libc_v4t_a_le_eabi.a(libc2.o)
                0x00007a44                __RAL_data_empty_string
 *fill*         0x00007a45        0x3 
 .rodata.libc.__RAL_c_locale
                0x00007a48        0xc C:/Program Files (x86)/Rowley Associates Limited/CrossWorks for ARM 3.6/lib/libc_v4t_a_le_eabi.a(libc2.o)
                0x00007a48                __RAL_c_locale
 .rodata.libc.__RAL_ascii_ctype_mask
                0x00007a54        0xd C:/Program Files (x86)/Rowley Associates Limited/CrossWorks for ARM 3.6/lib/libc_v4t_a_le_eabi.a(libc2.o)
 *fill*         0x00007a61        0x3 
 .rodata.libc.__RAL_c_locale_day_names
                0x00007a64       0x3a C:/Program Files (x86)/Rowley Associates Limited/CrossWorks for ARM 3.6/lib/libc_v4t_a_le_eabi.a(libc2.o)
                0x00007a64                __RAL_c_locale_day_names
 *fill*         0x00007a9e        0x2 
 .rodata.libc.__RAL_c_locale_abbrev_day_names
                0x00007aa0       0x1d C:/Program Files (x86)/Rowley Associates Limited/CrossWorks for ARM 3.6/lib/libc_v4t_a_le_eabi.a(libc2.o)
                0x00007aa0                __RAL_c_locale_abbrev_day_names
 *fill*         0x00007abd        0x3 
 .rodata.libc.__RAL_c_locale_am_pm_indicator
                0x00007ac0        0x7 C:/Program Files (x86)/Rowley Associates Limited/CrossWorks for ARM 3.6/lib/libc_v4t_a_le_eabi.a(libc2.o)
                0x00007ac0                __RAL_c_locale_am_pm_indicator
 *fill*         0x00007ac7        0x1 
 .rodata.libc.__aeabi_ERANGE
                0x00007ac8        0x4 C:/Program Files (x86)/Rowley Associates Limited/CrossWorks for ARM 3.6/lib/libc_v4t_a_le_eabi.a(libc2.o)
                0x00007ac8                __aeabi_ERANGE
 .rodata.libc.__RAL_c_locale_data
                0x00007acc       0x58 C:/Program Files (x86)/Rowley Associates Limited/CrossWorks for ARM 3.6/lib/libc_v4t_a_le_eabi.a(libc2.o)
                0x00007acc                __RAL_c_locale_data
 .rodata.libc.__RAL_codeset_ascii
                0x00007b24       0x20 C:/Program Files (x86)/Rowley Associates Limited/CrossWorks for ARM 3.6/lib/libc_v4t_a_le_eabi.a(libc2.o)
                0x00007b24                __RAL_codeset_ascii
 .rodata.libc.__RAL_c_locale_month_names
                0x00007b44       0x57 C:/Program Files (x86)/Rowley Associates Limited/CrossWorks for ARM 3.6/lib/libc_v4t_a_le_eabi.a(libc2.o)
                0x00007b44                __RAL_c_locale_month_names
 *fill*         0x00007b9b        0x1 
 .rodata.libc.__RAL_c_locale_date_time_format
                0x00007b9c        0xf C:/Program Files (x86)/Rowley Associates Limited/CrossWorks for ARM 3.6/lib/libc_v4t_a_le_eabi.a(libc2.o)
                0x00007b9c                __RAL_c_locale_date_time_format
 *fill*         0x00007bab        0x1 
 .rodata.libc.__RAL_hex_lc
                0x00007bac       0x10 C:/Program Files (x86)/Rowley Associates Limited/CrossWorks for ARM 3.6/lib/libc_v4t_a_le_eabi.a(libc2.o)
                0x00007bac                __RAL_hex_lc
 .rodata.libc.__RAL_c_locale_time_format
                0x00007bbc        0x9 C:/Program Files (x86)/Rowley Associates Limited/CrossWorks for ARM 3.6/lib/libc_v4t_a_le_eabi.a(libc2.o)
                0x00007bbc                __RAL_c_locale_time_format
 *fill*         0x00007bc5        0x3 
 .rodata.libc.__RAL_c_locale_date_format
                0x00007bc8        0x9 C:/Program Files (x86)/Rowley Associates Limited/CrossWorks for ARM 3.6/lib/libc_v4t_a_le_eabi.a(libc2.o)
                0x00007bc8                __RAL_c_locale_date_format
 *fill*         0x00007bd1        0x3 
 .rodata.libc.__RAL_ascii_ctype_map
                0x00007bd4       0x80 C:/Program Files (x86)/Rowley Associates Limited/CrossWorks for ARM 3.6/lib/libc_v4t_a_le_eabi.a(libc2.o)
                0x00007bd4                __RAL_ascii_ctype_map
 .rodata.libc.str1.4
                0x00007c54       0x30 C:/Program Files (x86)/Rowley Associates Limited/CrossWorks for ARM 3.6/lib/libvfprintf_v4t_a_le_eabi.o
 *fill*         0x00007c84        0x4 
 .rodata.libc.ipow10
                0x00007c88       0xa0 C:/Program Files (x86)/Rowley Associates Limited/CrossWorks for ARM 3.6/lib/libvfprintf_v4t_a_le_eabi.o
                0x00007d28                __rodata_end__ = (__rodata_start__ + SIZEOF (.rodata))
                0x000013f0                __rodata_size__ = SIZEOF (.rodata)
                0x00007d28                __rodata_load_end__ = __rodata_end__

.rel.dyn        0x00000000        0x0
 .rel.iplt      0x00000000        0x0 Hausarbeit ARM Flash Debug/GPIO.o
                0x00000001                . = ASSERT (((__rodata_start__ == __rodata_end__) || ((__rodata_end__ >= __FLASH_segment_start__) && (__rodata_end__ <= __FLASH_segment_end__))), error: .rodata is too large to fit in FLASH memory segment)
                0x00007d28                __ARM.exidx_load_start__ = ALIGN (__rodata_end__, 0x4)

.ARM.exidx      0x00007d28        0x0
                0x00007d28                __ARM.exidx_start__ = .
                0x00007d28                __exidx_start = __ARM.exidx_start__
 *(.ARM.exidx .ARM.exidx.*)
                0x00007d28                __ARM.exidx_end__ = (__ARM.exidx_start__ + SIZEOF (.ARM.exidx))
                0x00000000                __ARM.exidx_size__ = SIZEOF (.ARM.exidx)
                0x00007d28                __exidx_end = __ARM.exidx_end__
                0x00007d28                __ARM.exidx_load_end__ = __ARM.exidx_end__
                0x00000001                . = ASSERT (((__ARM.exidx_start__ == __ARM.exidx_end__) || ((__ARM.exidx_end__ >= __FLASH_segment_start__) && (__ARM.exidx_end__ <= __FLASH_segment_end__))), error: .ARM.exidx is too large to fit in FLASH memory segment)
                0x00007d28                __fast_load_start__ = ALIGN (__ARM.exidx_end__, 0x4)

.fast           0x4000003c        0x0 load address 0x00007d28
                0x4000003c                __fast_start__ = .
 *(.fast .fast.*)
                0x4000003c                __fast_end__ = (__fast_start__ + SIZEOF (.fast))
                0x00000000                __fast_size__ = SIZEOF (.fast)
                0x00007d28                __fast_load_end__ = (__fast_load_start__ + SIZEOF (.fast))
                0x00000001                . = ASSERT (((__fast_load_start__ == __fast_load_end__) || ((__fast_load_end__ >= __FLASH_segment_start__) && (__fast_load_end__ <= __FLASH_segment_end__))), error: .fast is too large to fit in FLASH memory segment)

.fast_run       0x4000003c        0x0
                0x4000003c                __fast_run_start__ = .
                0x4000003c                . = MAX ((__fast_run_start__ + SIZEOF (.fast)), .)
                0x4000003c                __fast_run_end__ = (__fast_run_start__ + SIZEOF (.fast_run))
                0x00000000                __fast_run_size__ = SIZEOF (.fast_run)
                0x4000003c                __fast_run_load_end__ = __fast_run_end__
                0x00000001                . = ASSERT (((__fast_run_start__ == __fast_run_end__) || ((__fast_run_end__ >= __SRAM_segment_start__) && (__fast_run_end__ <= __SRAM_segment_end__))), error: .fast_run is too large to fit in SRAM memory segment)
                0x00007d28                __data_load_start__ = ALIGN ((__fast_load_start__ + SIZEOF (.fast)), 0x4)

.data           0x4000003c      0x194 load address 0x00007d28
                0x4000003c                __data_start__ = .
 *(.data .data.* .gnu.linkonce.d.*)
 .data.F01      0x4000003c       0x80 Hausarbeit ARM Flash Debug/GPIO.o
 .data.F10      0x400000bc       0x80 Hausarbeit ARM Flash Debug/GPIO.o
 .data.F11      0x4000013c       0x80 Hausarbeit ARM Flash Debug/GPIO.o
 .data.libc.__RAL_global_locale
                0x400001bc       0x14 C:/Program Files (x86)/Rowley Associates Limited/CrossWorks for ARM 3.6/lib/libc_v4t_a_le_eabi.a(libc2.o)
                0x400001bc                __RAL_global_locale
                0x400001d0                __data_end__ = (__data_start__ + SIZEOF (.data))
                0x00000194                __data_size__ = SIZEOF (.data)
                0x00007ebc                __data_load_end__ = (__data_load_start__ + SIZEOF (.data))

.igot.plt       0x00000000        0x0
 .igot.plt      0x00000000        0x0 Hausarbeit ARM Flash Debug/GPIO.o
                0x00000001                . = ASSERT (((__data_load_start__ == __data_load_end__) || ((__data_load_end__ >= __FLASH_segment_start__) && (__data_load_end__ <= __FLASH_segment_end__))), error: .data is too large to fit in FLASH memory segment)

.data_run       0x4000003c      0x194 load address 0x00007d28
                0x4000003c                __data_run_start__ = .
                0x400001d0                . = MAX ((__data_run_start__ + SIZEOF (.data)), .)
 *fill*         0x4000003c      0x194 
                0x400001d0                __data_run_end__ = (__data_run_start__ + SIZEOF (.data_run))
                0x00000194                __data_run_size__ = SIZEOF (.data_run)
                0x400001d0                __data_run_load_end__ = __data_run_end__
                0x00000001                . = ASSERT (((__data_run_start__ == __data_run_end__) || ((__data_run_end__ >= __SRAM_segment_start__) && (__data_run_end__ <= __SRAM_segment_end__))), error: .data_run is too large to fit in SRAM memory segment)
                0x400001d0                __bss_load_start__ = ALIGN (__data_run_end__, 0x4)

.bss            0x400001d0        0x4
                0x400001d0                __bss_start__ = .
 *(.bss .bss.* .gnu.linkonce.b.*)
 .bss.libc.__user_format_extender
                0x400001d0        0x4 C:/Program Files (x86)/Rowley Associates Limited/CrossWorks for ARM 3.6/lib/libc_v4t_a_le_eabi.a(libc2.o)
                0x400001d0                __user_format_extender
 *(COMMON)
                0x400001d4                __bss_end__ = (__bss_start__ + SIZEOF (.bss))
                0x00000004                __bss_size__ = SIZEOF (.bss)
                0x400001d4                __bss_load_end__ = __bss_end__
                0x00000001                . = ASSERT (((__bss_start__ == __bss_end__) || ((__bss_end__ >= __SRAM_segment_start__) && (__bss_end__ <= __SRAM_segment_end__))), error: .bss is too large to fit in SRAM memory segment)
                0x400001d4                __non_init_load_start__ = ALIGN (__bss_end__, 0x4)

.non_init       0x400001d4        0x0
                0x400001d4                __non_init_start__ = .
 *(.non_init .non_init.*)
                0x400001d4                __non_init_end__ = (__non_init_start__ + SIZEOF (.non_init))
                0x00000000                __non_init_size__ = SIZEOF (.non_init)
                0x400001d4                __non_init_load_end__ = __non_init_end__
                0x00000001                . = ASSERT (((__non_init_start__ == __non_init_end__) || ((__non_init_end__ >= __SRAM_segment_start__) && (__non_init_end__ <= __SRAM_segment_end__))), error: .non_init is too large to fit in SRAM memory segment)
                0x400001d4                __heap_load_start__ = ALIGN (__non_init_end__, 0x4)

.heap           0x400001d4      0x400
                0x400001d4                __heap_start__ = .
 *(.heap .heap.*)
                0x400005d4                . = ALIGN (MAX ((__heap_start__ + __HEAPSIZE__), .), 0x4)
 *fill*         0x400001d4      0x400 
                0x400005d4                __heap_end__ = (__heap_start__ + SIZEOF (.heap))
                0x00000400                __heap_size__ = SIZEOF (.heap)
                0x400005d4                __heap_load_end__ = __heap_end__
                0x00000001                . = ASSERT (((__heap_start__ == __heap_end__) || ((__heap_end__ >= __SRAM_segment_start__) && (__heap_end__ <= __SRAM_segment_end__))), error: .heap is too large to fit in SRAM memory segment)
                0x400005d8                __stack_load_start__ = ALIGN (__heap_end__, 0x8)

.stack          0x400005d8      0x400
                0x400005d8                __stack_start__ = .
 *(.stack .stack.*)
                0x400009d8                . = ALIGN (MAX ((__stack_start__ + __STACKSIZE__), .), 0x8)
 *fill*         0x400005d8      0x400 
                0x400009d8                __stack_end__ = (__stack_start__ + SIZEOF (.stack))
                0x00000400                __stack_size__ = SIZEOF (.stack)
                0x400009d8                __stack_load_end__ = __stack_end__
                0x00000001                . = ASSERT (((__stack_start__ == __stack_end__) || ((__stack_end__ >= __SRAM_segment_start__) && (__stack_end__ <= __SRAM_segment_end__))), error: .stack is too large to fit in SRAM memory segment)
                0x400009d8                __stack_irq_load_start__ = ALIGN (__stack_end__, 0x8)

.stack_irq      0x400009d8      0x100
                0x400009d8                __stack_irq_start__ = .
 *(.stack_irq .stack_irq.*)
                0x40000ad8                . = ALIGN (MAX ((__stack_irq_start__ + __STACKSIZE_IRQ__), .), 0x8)
 *fill*         0x400009d8      0x100 
                0x40000ad8                __stack_irq_end__ = (__stack_irq_start__ + SIZEOF (.stack_irq))
                0x00000100                __stack_irq_size__ = SIZEOF (.stack_irq)
                0x40000ad8                __stack_irq_load_end__ = __stack_irq_end__
                0x00000001                . = ASSERT (((__stack_irq_start__ == __stack_irq_end__) || ((__stack_irq_end__ >= __SRAM_segment_start__) && (__stack_irq_end__ <= __SRAM_segment_end__))), error: .stack_irq is too large to fit in SRAM memory segment)
                0x40000ad8                __stack_fiq_load_start__ = ALIGN (__stack_irq_end__, 0x8)

.stack_fiq      0x40000ad8      0x100
                0x40000ad8                __stack_fiq_start__ = .
 *(.stack_fiq .stack_fiq.*)
                0x40000bd8                . = ALIGN (MAX ((__stack_fiq_start__ + __STACKSIZE_FIQ__), .), 0x8)
 *fill*         0x40000ad8      0x100 
                0x40000bd8                __stack_fiq_end__ = (__stack_fiq_start__ + SIZEOF (.stack_fiq))
                0x00000100                __stack_fiq_size__ = SIZEOF (.stack_fiq)
                0x40000bd8                __stack_fiq_load_end__ = __stack_fiq_end__
                0x00000001                . = ASSERT (((__stack_fiq_start__ == __stack_fiq_end__) || ((__stack_fiq_end__ >= __SRAM_segment_start__) && (__stack_fiq_end__ <= __SRAM_segment_end__))), error: .stack_fiq is too large to fit in SRAM memory segment)
                0x40000bd8                __stack_svc_load_start__ = ALIGN (__stack_fiq_end__, 0x8)

.stack_svc      0x40000bd8        0x0
                0x40000bd8                __stack_svc_start__ = .
 *(.stack_svc .stack_svc.*)
                0x40000bd8                . = ALIGN (MAX ((__stack_svc_start__ + __STACKSIZE_SVC__), .), 0x8)
                0x40000bd8                __stack_svc_end__ = (__stack_svc_start__ + SIZEOF (.stack_svc))
                0x00000000                __stack_svc_size__ = SIZEOF (.stack_svc)
                0x40000bd8                __stack_svc_load_end__ = __stack_svc_end__
                0x00000001                . = ASSERT (((__stack_svc_start__ == __stack_svc_end__) || ((__stack_svc_end__ >= __SRAM_segment_start__) && (__stack_svc_end__ <= __SRAM_segment_end__))), error: .stack_svc is too large to fit in SRAM memory segment)
                0x40000bd8                __stack_abt_load_start__ = ALIGN (__stack_svc_end__, 0x8)

.stack_abt      0x40000bd8        0x0
                0x40000bd8                __stack_abt_start__ = .
 *(.stack_abt .stack_abt.*)
                0x40000bd8                . = ALIGN (MAX ((__stack_abt_start__ + __STACKSIZE_ABT__), .), 0x8)
                0x40000bd8                __stack_abt_end__ = (__stack_abt_start__ + SIZEOF (.stack_abt))
                0x00000000                __stack_abt_size__ = SIZEOF (.stack_abt)
                0x40000bd8                __stack_abt_load_end__ = __stack_abt_end__
                0x00000001                . = ASSERT (((__stack_abt_start__ == __stack_abt_end__) || ((__stack_abt_end__ >= __SRAM_segment_start__) && (__stack_abt_end__ <= __SRAM_segment_end__))), error: .stack_abt is too large to fit in SRAM memory segment)
                0x40000bd8                __stack_und_load_start__ = ALIGN (__stack_abt_end__, 0x8)

.stack_und      0x40000bd8        0x0
                0x40000bd8                __stack_und_start__ = .
 *(.stack_und .stack_und.*)
                0x40000bd8                . = ALIGN (MAX ((__stack_und_start__ + __STACKSIZE_UND__), .), 0x8)
                0x40000bd8                __stack_und_end__ = (__stack_und_start__ + SIZEOF (.stack_und))
                0x00000000                __stack_und_size__ = SIZEOF (.stack_und)
                0x40000bd8                __stack_und_load_end__ = __stack_und_end__
                0x00000001                . = ASSERT (((__stack_und_start__ == __stack_und_end__) || ((__stack_und_end__ >= __SRAM_segment_start__) && (__stack_und_end__ <= __SRAM_segment_end__))), error: .stack_und is too large to fit in SRAM memory segment)
                0x40000bd8                __tbss_load_start__ = ALIGN (__stack_und_end__, 0x4)

.tbss           0x40000bd8        0x4
                0x40000bd8                __tbss_start__ = .
 *(.tbss .tbss.*)
 .tbss.errno_val
                0x40000bd8        0x4 C:/Program Files (x86)/Rowley Associates Limited/CrossWorks for ARM 3.6/lib/libc_v4t_a_le_eabi.a(libc2.o)
                0x40000bdc                __tbss_end__ = (__tbss_start__ + SIZEOF (.tbss))
                0x00000004                __tbss_size__ = SIZEOF (.tbss)
                0x40000bdc                __tbss_load_end__ = __tbss_end__
                0x00000001                . = ASSERT (((__tbss_start__ == __tbss_end__) || ((__tbss_end__ >= __SRAM_segment_start__) && (__tbss_end__ <= __SRAM_segment_end__))), error: .tbss is too large to fit in SRAM memory segment)
                0x00007ebc                __tdata_load_start__ = ALIGN ((__data_load_start__ + SIZEOF (.data)), 0x4)

.tdata          0x40000bdc        0x0 load address 0x00007ebc
                0x40000bdc                __tdata_start__ = .
 *(.tdata .tdata.*)
                0x40000bdc                __tdata_end__ = (__tdata_start__ + SIZEOF (.tdata))
                0x00000000                __tdata_size__ = SIZEOF (.tdata)
                0x00007ebc                __tdata_load_end__ = (__tdata_load_start__ + SIZEOF (.tdata))
                0x00007ebc                __FLASH_segment_used_end__ = (ALIGN ((__data_load_start__ + SIZEOF (.data)), 0x4) + SIZEOF (.tdata))
                0x00007ebc                __FLASH_segment_used_size__ = (__FLASH_segment_used_end__ - __FLASH_segment_start__)
                0x00000001                . = ASSERT (((__tdata_load_start__ == __tdata_load_end__) || ((__tdata_load_end__ >= __FLASH_segment_start__) && (__tdata_load_end__ <= __FLASH_segment_end__))), error: .tdata is too large to fit in FLASH memory segment)

.tdata_run      0x40000bdc        0x0
                0x40000bdc                __tdata_run_start__ = .
                0x40000bdc                . = MAX ((__tdata_run_start__ + SIZEOF (.tdata)), .)
                0x40000bdc                __tdata_run_end__ = (__tdata_run_start__ + SIZEOF (.tdata_run))
                0x00000000                __tdata_run_size__ = SIZEOF (.tdata_run)
                0x40000bdc                __tdata_run_load_end__ = __tdata_run_end__
                0x00000001                . = ASSERT (((__tdata_run_start__ == __tdata_run_end__) || ((__tdata_run_end__ >= __SRAM_segment_start__) && (__tdata_run_end__ <= __SRAM_segment_end__))), error: .tdata_run is too large to fit in SRAM memory segment)
                0x40004000                __mmu_load_start__ = ALIGN (__tdata_run_end__, 0x4000)

.mmu            0x40004000        0x0
                0x40004000                __mmu_start__ = .
 *(.mmu .mmu.*)
                0x40004000                __mmu_end__ = (__mmu_start__ + SIZEOF (.mmu))
                0x00000000                __mmu_size__ = SIZEOF (.mmu)
                0x40004000                __mmu_load_end__ = __mmu_end__
                0x40004000                __SRAM_segment_used_end__ = (ALIGN (__tdata_run_end__, 0x4000) + SIZEOF (.mmu))
                0x00004000                __SRAM_segment_used_size__ = (__SRAM_segment_used_end__ - __SRAM_segment_start__)
                0x00000001                . = ASSERT (((__mmu_start__ == __mmu_end__) || ((__mmu_end__ >= __SRAM_segment_start__) && (__mmu_end__ <= __SRAM_segment_end__))), error: .mmu is too large to fit in SRAM memory segment)
START GROUP
LOAD Hausarbeit ARM Flash Debug/GPIO.o
LOAD Hausarbeit ARM Flash Debug/main.o
LOAD Hausarbeit ARM Flash Debug/UART.o
LOAD Hausarbeit ARM Flash Debug/TIMER.o
LOAD Hausarbeit ARM Flash Debug/calculations.o
LOAD Hausarbeit ARM Flash Debug/PWM.o
LOAD Hausarbeit ARM Flash Debug/ADC.o
LOAD Hausarbeit ARM Flash Debug/crt0.o
LOAD Hausarbeit ARM Flash Debug/Philips_LPC210X_Startup.o
LOAD Hausarbeit ARM Flash Debug/LPC210x.o
LOAD Hausarbeit ARM Flash Debug/VIC.o
LOAD Hausarbeit ARM Flash Debug/VIC_irq_handler.o
LOAD C:/Users/otto-/AppData/Local/Rowley Associates Limited/CrossWorks for ARM/v3/packages/lib/liblpc2000_v4t_a_le_eabi.a
LOAD C:/Program Files (x86)/Rowley Associates Limited/CrossWorks for ARM 3.6/lib/libarm_v4t_a_le_eabi.a
LOAD C:/Program Files (x86)/Rowley Associates Limited/CrossWorks for ARM 3.6/lib/libdebugio_dcc_v4t_a_le_eabi.a
LOAD C:/Program Files (x86)/Rowley Associates Limited/CrossWorks for ARM 3.6/lib/libm_v4t_a_le_eabi.a
LOAD C:/Program Files (x86)/Rowley Associates Limited/CrossWorks for ARM 3.6/lib/libc_v4t_a_le_eabi.a
LOAD C:/Program Files (x86)/Rowley Associates Limited/CrossWorks for ARM 3.6/lib/libcpp_v4t_a_le_eabi.a
LOAD C:/Program Files (x86)/Rowley Associates Limited/CrossWorks for ARM 3.6/lib/libdebugio_v4t_a_le_eabi.a
LOAD C:/Program Files (x86)/Rowley Associates Limited/CrossWorks for ARM 3.6/lib/libvfprintf_v4t_a_le_eabi.o
LOAD C:/Program Files (x86)/Rowley Associates Limited/CrossWorks for ARM 3.6/lib/libvfscanf_v4t_a_le_eabi.o
END GROUP
OUTPUT(Hausarbeit ARM Flash Debug/Hausarbeit.elf elf32-littlearm)

.debug_frame    0x00000000     0x6b3c
 .debug_frame   0x00000000       0xd8 Hausarbeit ARM Flash Debug/GPIO.o
 .debug_frame   0x000000d8      0x228 Hausarbeit ARM Flash Debug/main.o
 .debug_frame   0x00000300      0x10c Hausarbeit ARM Flash Debug/UART.o
 .debug_frame   0x0000040c       0x40 Hausarbeit ARM Flash Debug/TIMER.o
 .debug_frame   0x0000044c       0xb8 Hausarbeit ARM Flash Debug/calculations.o
 .debug_frame   0x00000504       0x48 Hausarbeit ARM Flash Debug/PWM.o
 .debug_frame   0x0000054c       0xb0 Hausarbeit ARM Flash Debug/ADC.o
 .debug_frame   0x000005fc      0x440 C:/Program Files (x86)/Rowley Associates Limited/CrossWorks for ARM 3.6/lib/libm_v4t_a_le_eabi.a(libm_asm.o)
 .debug_frame   0x00000a3c      0x178 C:/Program Files (x86)/Rowley Associates Limited/CrossWorks for ARM 3.6/lib/libc_v4t_a_le_eabi.a(libc_asm.o)
 .debug_frame   0x00000bb4     0x45c4 C:/Program Files (x86)/Rowley Associates Limited/CrossWorks for ARM 3.6/lib/libc_v4t_a_le_eabi.a(libc2.o)
 .debug_frame   0x00005178       0xb0 C:/Program Files (x86)/Rowley Associates Limited/CrossWorks for ARM 3.6/lib/libc_v4t_a_le_eabi.a(libc2_asm.o)
 .debug_frame   0x00005228      0x50c C:/Program Files (x86)/Rowley Associates Limited/CrossWorks for ARM 3.6/lib/libvfprintf_v4t_a_le_eabi.o
 .debug_frame   0x00005734     0x1398 C:/Program Files (x86)/Rowley Associates Limited/CrossWorks for ARM 3.6/lib/libm_v4t_a_le_eabi.a(libm2.o)
 .debug_frame   0x00006acc       0x70 C:/Program Files (x86)/Rowley Associates Limited/CrossWorks for ARM 3.6/lib/libm_v4t_a_le_eabi.a(libm2_asm.o)

.debug_info     0x00000000     0x4346
 .debug_info    0x00000000      0x2e4 Hausarbeit ARM Flash Debug/GPIO.o
 .debug_info    0x000002e4      0x7fe Hausarbeit ARM Flash Debug/main.o
 .debug_info    0x00000ae2      0x237 Hausarbeit ARM Flash Debug/UART.o
 .debug_info    0x00000d19       0x89 Hausarbeit ARM Flash Debug/TIMER.o
 .debug_info    0x00000da2      0x24f Hausarbeit ARM Flash Debug/calculations.o
 .debug_info    0x00000ff1      0x113 Hausarbeit ARM Flash Debug/PWM.o
 .debug_info    0x00001104      0x299 Hausarbeit ARM Flash Debug/ADC.o
 .debug_info    0x0000139d       0xdc Hausarbeit ARM Flash Debug/crt0.o
 .debug_info    0x00001479      0x10e Hausarbeit ARM Flash Debug/Philips_LPC210X_Startup.o
 .debug_info    0x00001587      0x10a Hausarbeit ARM Flash Debug/VIC_irq_handler.o
 .debug_info    0x00001691     0x214d C:/Program Files (x86)/Rowley Associates Limited/CrossWorks for ARM 3.6/lib/libc_v4t_a_le_eabi.a(libc2.o)
 .debug_info    0x000037de      0x160 C:/Program Files (x86)/Rowley Associates Limited/CrossWorks for ARM 3.6/lib/libvfprintf_v4t_a_le_eabi.o
 .debug_info    0x0000393e      0xa08 C:/Program Files (x86)/Rowley Associates Limited/CrossWorks for ARM 3.6/lib/libm_v4t_a_le_eabi.a(libm2.o)

.debug_abbrev   0x00000000      0x8d0
 .debug_abbrev  0x00000000      0x114 Hausarbeit ARM Flash Debug/GPIO.o
 .debug_abbrev  0x00000114       0xe2 Hausarbeit ARM Flash Debug/main.o
 .debug_abbrev  0x000001f6      0x117 Hausarbeit ARM Flash Debug/UART.o
 .debug_abbrev  0x0000030d       0x5f Hausarbeit ARM Flash Debug/TIMER.o
 .debug_abbrev  0x0000036c       0xca Hausarbeit ARM Flash Debug/calculations.o
 .debug_abbrev  0x00000436       0xb0 Hausarbeit ARM Flash Debug/PWM.o
 .debug_abbrev  0x000004e6       0xef Hausarbeit ARM Flash Debug/ADC.o
 .debug_abbrev  0x000005d5       0x12 Hausarbeit ARM Flash Debug/crt0.o
 .debug_abbrev  0x000005e7       0x12 Hausarbeit ARM Flash Debug/Philips_LPC210X_Startup.o
 .debug_abbrev  0x000005f9       0x14 Hausarbeit ARM Flash Debug/VIC_irq_handler.o
 .debug_abbrev  0x0000060d      0x161 C:/Program Files (x86)/Rowley Associates Limited/CrossWorks for ARM 3.6/lib/libc_v4t_a_le_eabi.a(libc2.o)
 .debug_abbrev  0x0000076e       0x3c C:/Program Files (x86)/Rowley Associates Limited/CrossWorks for ARM 3.6/lib/libvfprintf_v4t_a_le_eabi.o
 .debug_abbrev  0x000007aa      0x126 C:/Program Files (x86)/Rowley Associates Limited/CrossWorks for ARM 3.6/lib/libm_v4t_a_le_eabi.a(libm2.o)

.debug_aranges  0x00000000     0x13d0
 .debug_aranges
                0x00000000       0x38 Hausarbeit ARM Flash Debug/GPIO.o
 .debug_aranges
                0x00000038       0x68 Hausarbeit ARM Flash Debug/main.o
 .debug_aranges
                0x000000a0       0x40 Hausarbeit ARM Flash Debug/UART.o
 .debug_aranges
                0x000000e0       0x20 Hausarbeit ARM Flash Debug/TIMER.o
 .debug_aranges
                0x00000100       0x30 Hausarbeit ARM Flash Debug/calculations.o
 .debug_aranges
                0x00000130       0x20 Hausarbeit ARM Flash Debug/PWM.o
 .debug_aranges
                0x00000150       0x30 Hausarbeit ARM Flash Debug/ADC.o
 .debug_aranges
                0x00000180       0xa8 Hausarbeit ARM Flash Debug/crt0.o
 .debug_aranges
                0x00000228       0x28 Hausarbeit ARM Flash Debug/Philips_LPC210X_Startup.o
 .debug_aranges
                0x00000250       0x20 Hausarbeit ARM Flash Debug/VIC_irq_handler.o
 .debug_aranges
                0x00000270      0xea0 C:/Program Files (x86)/Rowley Associates Limited/CrossWorks for ARM 3.6/lib/libc_v4t_a_le_eabi.a(libc2.o)
 .debug_aranges
                0x00001110       0xa8 C:/Program Files (x86)/Rowley Associates Limited/CrossWorks for ARM 3.6/lib/libvfprintf_v4t_a_le_eabi.o
 .debug_aranges
                0x000011b8      0x218 C:/Program Files (x86)/Rowley Associates Limited/CrossWorks for ARM 3.6/lib/libm_v4t_a_le_eabi.a(libm2.o)

.debug_ranges   0x00000000     0x1ef8
 .debug_ranges  0x00000000       0x28 Hausarbeit ARM Flash Debug/GPIO.o
 .debug_ranges  0x00000028       0x58 Hausarbeit ARM Flash Debug/main.o
 .debug_ranges  0x00000080       0x30 Hausarbeit ARM Flash Debug/UART.o
 .debug_ranges  0x000000b0       0x10 Hausarbeit ARM Flash Debug/TIMER.o
 .debug_ranges  0x000000c0       0x20 Hausarbeit ARM Flash Debug/calculations.o
 .debug_ranges  0x000000e0       0x10 Hausarbeit ARM Flash Debug/PWM.o
 .debug_ranges  0x000000f0       0x20 Hausarbeit ARM Flash Debug/ADC.o
 .debug_ranges  0x00000110       0xa0 Hausarbeit ARM Flash Debug/crt0.o
 .debug_ranges  0x000001b0       0x20 Hausarbeit ARM Flash Debug/Philips_LPC210X_Startup.o
 .debug_ranges  0x000001d0      0xe90 C:/Program Files (x86)/Rowley Associates Limited/CrossWorks for ARM 3.6/lib/libc_v4t_a_le_eabi.a(libc2.o)
 .debug_ranges  0x00001060       0x98 C:/Program Files (x86)/Rowley Associates Limited/CrossWorks for ARM 3.6/lib/libvfprintf_v4t_a_le_eabi.o
 .debug_ranges  0x000010f8      0xe00 C:/Program Files (x86)/Rowley Associates Limited/CrossWorks for ARM 3.6/lib/libm_v4t_a_le_eabi.a(libm2.o)

.debug_macro    0x00000000     0x5403
 .debug_macro   0x00000000       0x6c Hausarbeit ARM Flash Debug/GPIO.o
 .debug_macro   0x0000006c      0x856 Hausarbeit ARM Flash Debug/GPIO.o
 .debug_macro   0x000008c2      0x188 Hausarbeit ARM Flash Debug/GPIO.o
 .debug_macro   0x00000a4a      0x12a Hausarbeit ARM Flash Debug/GPIO.o
 .debug_macro   0x00000b74     0x42c6 Hausarbeit ARM Flash Debug/GPIO.o
 .debug_macro   0x00004e3a       0x16 Hausarbeit ARM Flash Debug/GPIO.o
 .debug_macro   0x00004e50       0x89 Hausarbeit ARM Flash Debug/GPIO.o
 .debug_macro   0x00004ed9       0x10 Hausarbeit ARM Flash Debug/GPIO.o
 .debug_macro   0x00004ee9       0x2e Hausarbeit ARM Flash Debug/GPIO.o
 .debug_macro   0x00004f17       0xc7 Hausarbeit ARM Flash Debug/main.o
 .debug_macro   0x00004fde       0x55 Hausarbeit ARM Flash Debug/main.o
 .debug_macro   0x00005033       0x28 Hausarbeit ARM Flash Debug/main.o
 .debug_macro   0x0000505b       0x2e Hausarbeit ARM Flash Debug/main.o
 .debug_macro   0x00005089       0x7c Hausarbeit ARM Flash Debug/main.o
 .debug_macro   0x00005105       0x10 Hausarbeit ARM Flash Debug/main.o
 .debug_macro   0x00005115       0x9a Hausarbeit ARM Flash Debug/main.o
 .debug_macro   0x000051af       0x62 Hausarbeit ARM Flash Debug/UART.o
 .debug_macro   0x00005211       0x4a Hausarbeit ARM Flash Debug/TIMER.o
 .debug_macro   0x0000525b       0x28 Hausarbeit ARM Flash Debug/TIMER.o
 .debug_macro   0x00005283       0x85 Hausarbeit ARM Flash Debug/calculations.o
 .debug_macro   0x00005308       0x71 Hausarbeit ARM Flash Debug/PWM.o
 .debug_macro   0x00005379       0x8a Hausarbeit ARM Flash Debug/ADC.o

.debug_line     0x00000000     0x255d
 .debug_line    0x00000000      0x2b8 Hausarbeit ARM Flash Debug/GPIO.o
 .debug_line    0x000002b8      0x3c6 Hausarbeit ARM Flash Debug/main.o
 .debug_line    0x0000067e      0x2b9 Hausarbeit ARM Flash Debug/UART.o
 .debug_line    0x00000937      0x201 Hausarbeit ARM Flash Debug/TIMER.o
 .debug_line    0x00000b38      0x282 Hausarbeit ARM Flash Debug/calculations.o
 .debug_line    0x00000dba      0x249 Hausarbeit ARM Flash Debug/PWM.o
 .debug_line    0x00001003      0x2b6 Hausarbeit ARM Flash Debug/ADC.o
 .debug_line    0x000012b9      0x247 Hausarbeit ARM Flash Debug/crt0.o
 .debug_line    0x00001500       0xf7 Hausarbeit ARM Flash Debug/Philips_LPC210X_Startup.o
 .debug_line    0x000015f7       0xc3 Hausarbeit ARM Flash Debug/VIC_irq_handler.o
 .debug_line    0x000016ba      0xb09 C:/Program Files (x86)/Rowley Associates Limited/CrossWorks for ARM 3.6/lib/libc_v4t_a_le_eabi.a(libc2.o)
 .debug_line    0x000021c3       0x68 C:/Program Files (x86)/Rowley Associates Limited/CrossWorks for ARM 3.6/lib/libvfprintf_v4t_a_le_eabi.o
 .debug_line    0x0000222b      0x332 C:/Program Files (x86)/Rowley Associates Limited/CrossWorks for ARM 3.6/lib/libm_v4t_a_le_eabi.a(libm2.o)

.debug_str      0x00000000    0x1567f
 .debug_str     0x00000000    0x1298c Hausarbeit ARM Flash Debug/GPIO.o
                              0x12a17 (size before relaxing)
 .debug_str     0x0001298c      0x680 Hausarbeit ARM Flash Debug/main.o
                              0x12fc5 (size before relaxing)
 .debug_str     0x0001300c      0x131 Hausarbeit ARM Flash Debug/UART.o
                              0x12a50 (size before relaxing)
 .debug_str     0x0001313d       0x7f Hausarbeit ARM Flash Debug/TIMER.o
                              0x12657 (size before relaxing)
 .debug_str     0x000131bc       0xbd Hausarbeit ARM Flash Debug/calculations.o
                              0x12aa9 (size before relaxing)
 .debug_str     0x00013279       0x72 Hausarbeit ARM Flash Debug/PWM.o
                              0x12b8d (size before relaxing)
 .debug_str     0x000132eb       0xd6 Hausarbeit ARM Flash Debug/ADC.o
                              0x12b91 (size before relaxing)
 .debug_str     0x000133c1     0x1dc4 C:/Program Files (x86)/Rowley Associates Limited/CrossWorks for ARM 3.6/lib/libc_v4t_a_le_eabi.a(libc2.o)
                               0x1f27 (size before relaxing)
 .debug_str     0x00015185      0x1f6 C:/Program Files (x86)/Rowley Associates Limited/CrossWorks for ARM 3.6/lib/libvfprintf_v4t_a_le_eabi.o
                                0x359 (size before relaxing)
 .debug_str     0x0001537b      0x304 C:/Program Files (x86)/Rowley Associates Limited/CrossWorks for ARM 3.6/lib/libm_v4t_a_le_eabi.a(libm2.o)
                                0x344 (size before relaxing)

.comment        0x00000000       0x4e
 .comment       0x00000000       0x4e Hausarbeit ARM Flash Debug/GPIO.o
                                 0x4f (size before relaxing)
 .comment       0x00000000       0x4f Hausarbeit ARM Flash Debug/main.o
 .comment       0x00000000       0x4f Hausarbeit ARM Flash Debug/UART.o
 .comment       0x00000000       0x4f Hausarbeit ARM Flash Debug/TIMER.o
 .comment       0x00000000       0x4f Hausarbeit ARM Flash Debug/calculations.o
 .comment       0x00000000       0x4f Hausarbeit ARM Flash Debug/PWM.o
 .comment       0x00000000       0x4f Hausarbeit ARM Flash Debug/ADC.o
 .comment       0x00000000       0x4f C:/Program Files (x86)/Rowley Associates Limited/CrossWorks for ARM 3.6/lib/libc_v4t_a_le_eabi.a(libc2.o)
 .comment       0x00000000       0x4f C:/Program Files (x86)/Rowley Associates Limited/CrossWorks for ARM 3.6/lib/libvfprintf_v4t_a_le_eabi.o
 .comment       0x00000000       0x4f C:/Program Files (x86)/Rowley Associates Limited/CrossWorks for ARM 3.6/lib/libm_v4t_a_le_eabi.a(libm2.o)

.ARM.attributes
                0x00000000       0x30
 .ARM.attributes
                0x00000000       0x32 Hausarbeit ARM Flash Debug/GPIO.o
 .ARM.attributes
                0x00000032       0x32 Hausarbeit ARM Flash Debug/main.o
 .ARM.attributes
                0x00000064       0x32 Hausarbeit ARM Flash Debug/UART.o
 .ARM.attributes
                0x00000096       0x32 Hausarbeit ARM Flash Debug/TIMER.o
 .ARM.attributes
                0x000000c8       0x32 Hausarbeit ARM Flash Debug/calculations.o
 .ARM.attributes
                0x000000fa       0x32 Hausarbeit ARM Flash Debug/PWM.o
 .ARM.attributes
                0x0000012c       0x32 Hausarbeit ARM Flash Debug/ADC.o
 .ARM.attributes
                0x0000015e       0x22 Hausarbeit ARM Flash Debug/crt0.o
 .ARM.attributes
                0x00000180       0x22 Hausarbeit ARM Flash Debug/Philips_LPC210X_Startup.o
 .ARM.attributes
                0x000001a2       0x22 Hausarbeit ARM Flash Debug/VIC_irq_handler.o
 .ARM.attributes
                0x000001c4       0x1a C:/Program Files (x86)/Rowley Associates Limited/CrossWorks for ARM 3.6/lib/libm_v4t_a_le_eabi.a(libm_asm.o)
 .ARM.attributes
                0x000001de       0x1a C:/Program Files (x86)/Rowley Associates Limited/CrossWorks for ARM 3.6/lib/libc_v4t_a_le_eabi.a(libc_asm.o)
 .ARM.attributes
                0x000001f8       0x2a C:/Program Files (x86)/Rowley Associates Limited/CrossWorks for ARM 3.6/lib/libc_v4t_a_le_eabi.a(libc2.o)
 .ARM.attributes
                0x00000222       0x1a C:/Program Files (x86)/Rowley Associates Limited/CrossWorks for ARM 3.6/lib/libc_v4t_a_le_eabi.a(libc2_asm.o)
 .ARM.attributes
                0x0000023c       0x2a C:/Program Files (x86)/Rowley Associates Limited/CrossWorks for ARM 3.6/lib/libvfprintf_v4t_a_le_eabi.o
 .ARM.attributes
                0x00000266       0x2a C:/Program Files (x86)/Rowley Associates Limited/CrossWorks for ARM 3.6/lib/libm_v4t_a_le_eabi.a(libm2.o)
 .ARM.attributes
                0x00000290       0x1a C:/Program Files (x86)/Rowley Associates Limited/CrossWorks for ARM 3.6/lib/libm_v4t_a_le_eabi.a(libm2_asm.o)
